// Jest Snapshot v1, https://goo.gl/fbAQLP

exports[`Dialog Overlay renders 1`] = `
<button
  className="sc-llyFOc iorgxe"
  onClick={[Function]}
  onMouseEnter={[Function]}
  onMouseLeave={[Function]}
  size="medium"
>
  Open Dialog
  <div
    className="sc-dbbhXq cSfsSC"
  />
</button>
`;
