// Jest Snapshot v1, https://goo.gl/fbAQLP

exports[`Dialog Content renders 1`] = `
<button
  className="sc-guXXQn fUKCZY"
  onClick={[Function]}
  onMouseEnter={[Function]}
  onMouseLeave={[Function]}
  size="medium"
>
  Open Dialog
  <div
    className="sc-dOeoAH eaXcSX"
  />
</button>
`;
