// Jest Snapshot v1, https://goo.gl/fbAQLP

exports[`Modal in Dark Theme renders BigContent 1`] = `
<button
  className="px-4 h-10 py-2 gap-2 text-moon-14 rounded-moon-i-sm relative z-0 flex justify-center items-center font-medium no-underline overflow-hidden whitespace-nowrap select-none transition duration-200 active:scale-90 btn-primary"
  onClick={[Function]}
  onMouseEnter={[Function]}
  onMouseLeave={[Function]}
  type="button"
>
  Open dialog
  <span
    aria-hidden="true"
    className="z-[-1] block absolute inset-0 pointer-events-none transition-[background-color_0.2s_ease-in-out]"
  />
</button>
`;

exports[`Modal in Dark Theme renders Default 1`] = `
<button
  className="px-4 h-10 py-2 gap-2 text-moon-14 rounded-moon-i-sm relative z-0 flex justify-center items-center font-medium no-underline overflow-hidden whitespace-nowrap select-none transition duration-200 active:scale-90 btn-primary"
  onClick={[Function]}
  onMouseEnter={[Function]}
  onMouseLeave={[Function]}
  type="button"
>
  Open dialog
  <span
    aria-hidden="true"
    className="z-[-1] block absolute inset-0 pointer-events-none transition-[background-color_0.2s_ease-in-out]"
  />
</button>
`;

exports[`Modal in Dark Theme renders StyledContent 1`] = `
<button
  className="px-4 h-10 py-2 gap-2 text-moon-14 rounded-moon-i-sm relative z-0 flex justify-center items-center font-medium no-underline overflow-hidden whitespace-nowrap select-none transition duration-200 active:scale-90 btn-primary"
  onClick={[Function]}
  onMouseEnter={[Function]}
  onMouseLeave={[Function]}
  type="button"
>
  Open dialog
  <span
    aria-hidden="true"
    className="z-[-1] block absolute inset-0 pointer-events-none transition-[background-color_0.2s_ease-in-out]"
  />
</button>
`;

exports[`Modal in Dark Theme renders WithSelect 1`] = `
<button
  className="px-4 h-10 py-2 gap-2 text-moon-14 rounded-moon-i-sm relative z-0 flex justify-center items-center font-medium no-underline overflow-hidden whitespace-nowrap select-none transition duration-200 active:scale-90 btn-primary"
  onClick={[Function]}
  onMouseEnter={[Function]}
  onMouseLeave={[Function]}
  type="button"
>
  Open dialog
  <span
    aria-hidden="true"
    className="z-[-1] block absolute inset-0 pointer-events-none transition-[background-color_0.2s_ease-in-out]"
  />
</button>
`;

exports[`Modal in Light Theme renders BigContent 1`] = `
<button
  className="px-4 h-10 py-2 gap-2 text-moon-14 rounded-moon-i-sm relative z-0 flex justify-center items-center font-medium no-underline overflow-hidden whitespace-nowrap select-none transition duration-200 active:scale-90 btn-primary"
  onClick={[Function]}
  onMouseEnter={[Function]}
  onMouseLeave={[Function]}
  type="button"
>
  Open dialog
  <span
    aria-hidden="true"
    className="z-[-1] block absolute inset-0 pointer-events-none transition-[background-color_0.2s_ease-in-out]"
  />
</button>
`;

exports[`Modal in Light Theme renders Default 1`] = `
<button
  className="px-4 h-10 py-2 gap-2 text-moon-14 rounded-moon-i-sm relative z-0 flex justify-center items-center font-medium no-underline overflow-hidden whitespace-nowrap select-none transition duration-200 active:scale-90 btn-primary"
  onClick={[Function]}
  onMouseEnter={[Function]}
  onMouseLeave={[Function]}
  type="button"
>
  Open dialog
  <span
    aria-hidden="true"
    className="z-[-1] block absolute inset-0 pointer-events-none transition-[background-color_0.2s_ease-in-out]"
  />
</button>
`;

exports[`Modal in Light Theme renders StyledContent 1`] = `
<button
  className="px-4 h-10 py-2 gap-2 text-moon-14 rounded-moon-i-sm relative z-0 flex justify-center items-center font-medium no-underline overflow-hidden whitespace-nowrap select-none transition duration-200 active:scale-90 btn-primary"
  onClick={[Function]}
  onMouseEnter={[Function]}
  onMouseLeave={[Function]}
  type="button"
>
  Open dialog
  <span
    aria-hidden="true"
    className="z-[-1] block absolute inset-0 pointer-events-none transition-[background-color_0.2s_ease-in-out]"
  />
</button>
`;

exports[`Modal in Light Theme renders WithSelect 1`] = `
<button
  className="px-4 h-10 py-2 gap-2 text-moon-14 rounded-moon-i-sm relative z-0 flex justify-center items-center font-medium no-underline overflow-hidden whitespace-nowrap select-none transition duration-200 active:scale-90 btn-primary"
  onClick={[Function]}
  onMouseEnter={[Function]}
  onMouseLeave={[Function]}
  type="button"
>
  Open dialog
  <span
    aria-hidden="true"
    className="z-[-1] block absolute inset-0 pointer-events-none transition-[background-color_0.2s_ease-in-out]"
  />
</button>
`;

exports[`Modal in RTL renders BigContent 1`] = `
<div
  dir="rtl"
>
  <button
    className="px-4 h-10 py-2 gap-2 text-moon-14 rounded-moon-i-sm relative z-0 flex justify-center items-center font-medium no-underline overflow-hidden whitespace-nowrap select-none transition duration-200 active:scale-90 btn-primary"
    onClick={[Function]}
    onMouseEnter={[Function]}
    onMouseLeave={[Function]}
    type="button"
  >
    Open dialog
    <span
      aria-hidden="true"
      className="z-[-1] block absolute inset-0 pointer-events-none transition-[background-color_0.2s_ease-in-out]"
    />
  </button>
</div>
`;

exports[`Modal in RTL renders Default 1`] = `
<div
  dir="rtl"
>
  <button
    className="px-4 h-10 py-2 gap-2 text-moon-14 rounded-moon-i-sm relative z-0 flex justify-center items-center font-medium no-underline overflow-hidden whitespace-nowrap select-none transition duration-200 active:scale-90 btn-primary"
    onClick={[Function]}
    onMouseEnter={[Function]}
    onMouseLeave={[Function]}
    type="button"
  >
    Open dialog
    <span
      aria-hidden="true"
      className="z-[-1] block absolute inset-0 pointer-events-none transition-[background-color_0.2s_ease-in-out]"
    />
  </button>
</div>
`;

exports[`Modal in RTL renders StyledContent 1`] = `
<div
  dir="rtl"
>
  <button
    className="px-4 h-10 py-2 gap-2 text-moon-14 rounded-moon-i-sm relative z-0 flex justify-center items-center font-medium no-underline overflow-hidden whitespace-nowrap select-none transition duration-200 active:scale-90 btn-primary"
    onClick={[Function]}
    onMouseEnter={[Function]}
    onMouseLeave={[Function]}
    type="button"
  >
    Open dialog
    <span
      aria-hidden="true"
      className="z-[-1] block absolute inset-0 pointer-events-none transition-[background-color_0.2s_ease-in-out]"
    />
  </button>
</div>
`;

exports[`Modal in RTL renders WithSelect 1`] = `
<div
  dir="rtl"
>
  <button
    className="px-4 h-10 py-2 gap-2 text-moon-14 rounded-moon-i-sm relative z-0 flex justify-center items-center font-medium no-underline overflow-hidden whitespace-nowrap select-none transition duration-200 active:scale-90 btn-primary"
    onClick={[Function]}
    onMouseEnter={[Function]}
    onMouseLeave={[Function]}
    type="button"
  >
    Open dialog
    <span
      aria-hidden="true"
      className="z-[-1] block absolute inset-0 pointer-events-none transition-[background-color_0.2s_ease-in-out]"
    />
  </button>
</div>
`;
