// Jest Snapshot v1, https://goo.gl/fbAQLP

exports[`MediaObject renders in reverse 1`] = `
.c0 {
  -webkit-align-items: center;
  -webkit-box-align: center;
  -ms-flex-align: center;
  align-items: center;
  grid-gap: 1rem;
  text-align: left;
  display: grid;
  grid-template: max-content / 2rem auto;
  direction: rtl;
}

.c0 img,
.c0 svg {
  display: block;
  width: 100%;
  height: auto;
}

.c0 > * {
  direction: ltr;
}

.c1 {
  -webkit-align-items: center;
  -webkit-box-align: center;
  -ms-flex-align: center;
  align-items: center;
  grid-gap: 1rem;
  text-align: right;
  display: grid;
  grid-template: max-content / 2rem auto;
  direction: rtl;
}

.c1 img,
.c1 svg {
  display: block;
  width: 100%;
  height: auto;
}

.c1 > * {
  direction: ltr;
}

<div>
  <div
    className="c0"
  >
    <img
      alt="Example"
      src="https://via.placeholder.com/50C"
    />
    <div>
      <p>
        Live chat
      </p>
      <p>
        We offer 24/7 support
      </p>
    </div>
  </div>
  <div
    className="c1"
  >
    <img
      alt="Example"
      src="https://via.placeholder.com/50C"
    />
    <div>
      <p>
        Live chat
      </p>
      <p>
        We offer 24/7 support
      </p>
    </div>
  </div>
</div>
`;

exports[`MediaObject renders with \`default\` settings 1`] = `
.c0 {
  -webkit-align-items: center;
  -webkit-box-align: center;
  -ms-flex-align: center;
  align-items: center;
  grid-gap: 1rem;
  text-align: left;
  display: grid;
  grid-template: max-content / 2rem auto;
}

.c0 img,
.c0 svg {
  display: block;
  width: 100%;
  height: auto;
}

<div
  className="c0"
>
  <img
    alt="Example"
    src="https://via.placeholder.com/50C"
  />
  <div>
    <p>
      Live chat
    </p>
    <p>
      We offer 24/7 support
    </p>
  </div>
</div>
`;

exports[`MediaObject renders with custom CSS grid props 1`] = `
Array [
  .c0 {
  -webkit-align-items: top;
  -webkit-box-align: top;
  -ms-flex-align: top;
  align-items: top;
  grid-gap: 2rem;
  text-align: left;
  display: grid;
  grid-template: max-content / 2rem auto;
}

.c0 img,
.c0 svg {
  display: block;
  width: 100%;
  height: auto;
}

<div
    className="c0"
  >
    <img
      alt="Example"
      src="https://via.placeholder.com/50C"
    />
    <div>
      <p>
        Live chat
      </p>
      <p>
        We offer 24/7 support
      </p>
    </div>
  </div>,
  .c0 {
  -webkit-align-items: top;
  -webkit-box-align: top;
  -ms-flex-align: top;
  align-items: top;
  grid-gap: 2rem;
  text-align: left;
  display: grid;
  grid-template: max-content / 2rem auto;
}

.c0 img,
.c0 svg {
  display: block;
  width: 100%;
  height: auto;
}

<div
    className="c0"
  >
    <img
      alt="Example"
      src="https://via.placeholder.com/50C"
    />
    <div>
      <p>
        Live chat
      </p>
      <p>
        We offer 24/7 support
      </p>
    </div>
  </div>,
]
`;

exports[`MediaObject renders with custom media size 1`] = `
Array [
  .c0 {
  -webkit-align-items: center;
  -webkit-box-align: center;
  -ms-flex-align: center;
  align-items: center;
  grid-gap: 1rem;
  text-align: left;
  display: grid;
  grid-template: max-content / 40px auto;
}

.c0 img,
.c0 svg {
  display: block;
  width: 100%;
  height: auto;
}

<div
    className="c0"
  >
    <img
      alt="Example"
      src="https://via.placeholder.com/50C"
    />
    <div>
      <p>
        Live chat
      </p>
      <p>
        We offer 24/7 support
      </p>
    </div>
  </div>,
  .c0 {
  -webkit-align-items: center;
  -webkit-box-align: center;
  -ms-flex-align: center;
  align-items: center;
  grid-gap: 1rem;
  text-align: left;
  display: grid;
  grid-template: max-content / 2.5rem auto;
}

.c0 img,
.c0 svg {
  display: block;
  width: 100%;
  height: auto;
}

<div
    className="c0"
  >
    <img
      alt="Example"
      src="https://via.placeholder.com/50C"
    />
    <div>
      <p>
        Live chat
      </p>
      <p>
        We offer 24/7 support
      </p>
    </div>
  </div>,
]
`;
